// Jest Snapshot v1, https://goo.gl/fbAQLP

exports[`Storyshots Basics filler idk 1`] = `
<div>
  testing
</div>
`;
